namï¿½ets Jul 29 2019 12:21:46

rst:0x1 (POWERON_RESET),boot:0x13 (SPI_FAST_FLASH_BOOT)
configsip: 0, SPIWP:0xee
clk_drv:0x00,q_drv:0x00,d_drv:0x00,cs0_drv:0x00,hd_drv:0x00,wp_drv:0x00
mode:DIO, clock div:2
load:0x3fff0030,len:6984
load:0x40078000,len:15408
load:0x40080400,len:3652
entry 0x40080620
[0;32mI (27) boot: ESP-IDF v5.0.3-dirty 2nd stage bootloader[0m
[0;32mI (27) boot: compile time 11:29:46[0m
[0;33mW (27) boot: Unicore bootloader[0m
[0;32mI (31) boot: chip revision: v3.0[0m
[0;32mI (35) boot.esp32: SPI Speed      : 40MHz[0m
[0;32mI (39) boot.esp32: SPI Mode       : DIO[0m
[0;32mI (44) boot.esp32: SPI Flash Size : 2MB[0m
[0;32mI (48) boot: Enabling RNG early entropy source...[0m
[0;32mI (54) boot: Partition Table:[0m
[0;32mI (57) boot: ## Label            Usage          Type ST Offset   Length[0m
[0;32mI (65) boot:  0 nvs              WiFi data        01 02 00009000 00006000[0m
[0;32mI (72) boot:  1 phy_init         RF data          01 01 0000f000 00001000[0m
[0;32mI (80) boot:  2 factory          factory app      00 00 00010000 00100000[0m
[0;32mI (87) boot: End of partition table[0m
[0;32mI (91) esp_image: segment 0: paddr=00010020 vaddr=3f400020 size=09598h ( 38296) map[0m
[0;32mI (114) esp_image: segment 1: paddr=000195c0 vaddr=3ffb0000 size=013d0h (  5072) load[0m
[0;32mI (116) esp_image: segment 2: paddr=0001a998 vaddr=40080000 size=05680h ( 22144) load[0m
[0;32mI (129) esp_image: segment 3: paddr=00020020 vaddr=400d0020 size=17d34h ( 97588) map[0m
[0;32mI (164) esp_image: segment 4: paddr=00037d5c vaddr=40085680 size=06db8h ( 28088) load[0m
[0;32mI (182) boot: Loaded app from partition at offset 0x10000[0m
[0;32mI (182) boot: Disabling RNG early entropy source...[0m
[0;32mI (193) cpu_start: Unicore app[0m
[0;32mI (194) cpu_start: Pro cpu up.[0m
[0;32mI (194) cpu_start: Single core mode[0m
[0;32mI (206) cpu_start: Pro cpu start user code[0m
[0;32mI (206) cpu_start: cpu freq: 160000000 Hz[0m
[0;32mI (206) cpu_start: Application information:[0m
[0;32mI (210) cpu_start: Project name:     blink[0m
[0;32mI (215) cpu_start: App version:      1[0m
[0;32mI (220) cpu_start: Compile time:     Sep 11 2023 11:26:19[0m
[0;32mI (226) cpu_start: ELF file SHA256:  61364e464d9f244e...[0m
[0;32mI (232) cpu_start: ESP-IDF:          v5.0.3-dirty[0m
[0;32mI (237) cpu_start: Min chip rev:     v0.0[0m
[0;32mI (242) cpu_start: Max chip rev:     v3.99 [0m
[0;32mI (247) cpu_start: Chip rev:         v3.0[0m
[0;32mI (252) heap_init: Initializing. RAM available for dynamic allocation:[0m
[0;32mI (259) heap_init: At 3FFAE6E0 len 00001920 (6 KiB): DRAM[0m
[0;32mI (265) heap_init: At 3FFB2018 len 0002DFE8 (183 KiB): DRAM[0m
[0;32mI (271) heap_init: At 3FFE0440 len 0001FBC0 (126 KiB): D/IRAM[0m
[0;32mI (277) heap_init: At 40078000 len 00008000 (32 KiB): IRAM[0m
[0;32mI (284) heap_init: At 4008C438 len 00013BC8 (78 KiB): IRAM[0m
[0;32mI (290) heap_init: At 3FF80000 len 00002000 (8 KiB): RTCRAM[0m
[0;32mI (297) spi_flash: detected chip: generic[0m
[0;32mI (301) spi_flash: flash io: dio[0m
[0;33mW (305) spi_flash: Detected size(4096k) larger than the size in the binary image header(2048k). Using the size in the binary image header.[0m
[0;32mI (318) cpu_start: Starting scheduler on PRO CPU.[0m
